[dotenv@17.2.1] injecting env (4) from .env -- tip: ÔÜÖ´©Å  enable debug logging with { debug: true }
[dotenv@17.2.1] injecting env (0) from .env -- tip: ­ƒøá´©Å  run anywhere with `dotenvx run -- yourcommand`
Testing with summarizeTitles: true
Results: [
  {
    "category": "Transporte",
    "title": "Uber"
  },
  {
    "category": "Entretenimento",
    "title": "Spotify"
  },
  {
    "category": "Sal├írio",
    "title": "Salario Mensal"
  }
]
SUCCESS: AI service returned correct format.
